// Jest Snapshot v1, https://goo.gl/fbAQLP

exports[`Carousel renders correctly 1`] = `
<div>
  <div>
    hello from carousel
  </div>
</div>
`;
